[aziz5155.github.io/amazon6/file/C_/My Web Site/amazon5/www.amazon.sa/ap/signin9720.html]
[backblue.gif]
[fade.gif]
[index.html]
[aziz5155.github.io/amazon6/images-eu.ssl-images-amazon.com/images/I/710hicIoD5Lbff5bff5.css]
[aziz5155.github.io/amazon6/images-eu.ssl-images-amazon.com/images/I/01SdjaY0ZsL._RC_31jdWD+JB+L.css,51a-Srr-vTL.css_7e0c7e0c.css]
[aziz5155.github.io/amazon6/images-eu.ssl-images-amazon.com/images/I/21N2V6fmOuLc8b6c8b6.css]
[aziz5155.github.io/amazon6/images-eu.ssl-images-amazon.com/images/I/01wGDSlxwdLf98ef98e.js]
[aziz5155.github.io/amazon6/images-eu.ssl-images-amazon.com/images/I/413YGgErICL088f088f.js]
[aziz5155.github.io/amazon6/images-eu.ssl-images-amazon.com/images/I/8150jbgvn9Lf1d7f1d7.js]
[aziz5155.github.io/amazon6/images-eu.ssl-images-amazon.com/images/I/31jdfgcsPAL59735973.js]
[aziz5155.github.io/amazon6/images-eu.ssl-images-amazon.com/images/I/71KpCrHpq0L99db99db.js]
[aziz5155.github.io/amazon6/images-eu.ssl-images-amazon.com/images/I/51RddlGAZmLfef7fef7.js]
[aziz5155.github.io/amazon6/images-eu.ssl-images-amazon.com/images/I/8177uTcYaeLac85ac85.js]
[aziz5155.github.io/amazon6/images-eu.ssl-images-amazon.com/images/I/A1bfdSKFkcLa250a250.js]
[aziz5155.github.io/amazon6/static.siege-amazon.com/prod/profiles/AuthenticationPortalSigninEU.js]
[aziz5155.github.io/amazon6/m.media-amazon.com/images/G/01/csm/showads.v2fb02fb02.js]
[aziz5155.github.io/amazon6/file/C_/My Web Site/amazon5/www.amazon.sa/ap/signin9720.html]
[aziz5155.github.io/amazon6/images-eu.ssl-images-amazon.com/images/I/710hicIoD5Lbff5bff5.css]
[aziz5155.github.io/amazon6/images-eu.ssl-images-amazon.com/images/I/01SdjaY0ZsL._RC_31jdWD+JB+L.css,51a-Srr-vTL.css_7e0c7e0c.css]
[aziz5155.github.io/amazon6/m.media-amazon.com/images/S/sash/Pq46CmXZMTyTAdQ.png]
[m.media-amazon.com/images/S/sash/bFjL-3p8JvQ2T9J.png]
[aziz5155.github.io/amazon6/images-eu.ssl-images-amazon.com/images/I/21N2V6fmOuLc8b6c8b6.css]
